2026-09-06T01:26:40.219143Z  INFO herdr::logging: herdr starting event="app.startup" subsystem="client" outcome="started" pid=143055
2026-09-06T01:26:40.219173Z  INFO herdr::client: connecting to server path=/home/paul/.config/herdr/herdr-client.sock
2026-09-06T01:26:40.229190Z  INFO herdr::client: handshake succeeded version=20 encoding=SemanticFrame
2026-09-06T01:26:43.434817Z  INFO herdr::logging: herdr exiting event="app.shutdown" subsystem="client" outcome="completed" pid=143055
2026-09-06T01:31:03.251213Z  INFO herdr::logging: herdr starting event="app.startup" subsystem="client" outcome="started" pid=143834
2026-09-06T01:31:03.251238Z  INFO herdr::client: connecting to server path=/home/paul/.config/herdr/herdr-client.sock
2026-09-06T01:31:03.397481Z  INFO herdr::client: handshake succeeded version=20 encoding=SemanticFrame
2026-09-06T01:31:06.648212Z  INFO herdr::logging: herdr exiting event="app.shutdown" subsystem="client" outcome="completed" pid=143834
2026-09-06T01:31:22.053325Z  INFO herdr::logging: herdr starting event="app.startup" subsystem="client" outcome="started" pid=144018
2026-09-06T01:31:22.053346Z  INFO herdr::client: connecting to server path=/home/paul/.config/herdr/herdr-client.sock
2026-09-06T01:31:22.239149Z  INFO herdr::client: handshake succeeded version=20 encoding=SemanticFrame
2026-09-06T01:31:25.497565Z  INFO herdr::logging: herdr exiting event="app.shutdown" subsystem="client" outcome="completed" pid=144018
2026-09-06T01:43:37.008252Z  INFO herdr::logging: herdr starting event="app.startup" subsystem="client" outcome="started" pid=146761
2026-09-06T01:43:37.008275Z  INFO herdr::client: connecting to server path=/home/paul/.config/herdr/herdr-client.sock
2026-09-06T01:43:37.144934Z  INFO herdr::client: handshake succeeded version=20 encoding=SemanticFrame
2026-09-06T01:43:39.979990Z  INFO herdr::logging: herdr exiting event="app.shutdown" subsystem="client" outcome="completed" pid=146761
2026-09-06T01:55:19.387958Z  INFO herdr::logging: herdr starting event="app.startup" subsystem="client" outcome="started" pid=150968
2026-09-06T01:55:19.388038Z  INFO herdr::client: connecting to server path=/home/paul/.config/herdr/herdr-client.sock
2026-09-06T01:55:19.498426Z  INFO herdr::client: handshake succeeded version=20 encoding=SemanticFrame
2026-09-06T01:55:21.295055Z  INFO herdr::logging: herdr starting event="app.startup" subsystem="client" outcome="started" pid=150982
2026-09-06T01:55:21.295136Z  INFO herdr::client: connecting to server path=/home/paul/.config/herdr/herdr-client.sock
2026-09-06T01:55:21.509183Z  INFO herdr::client: handshake succeeded version=20 encoding=SemanticFrame
2026-09-06T01:55:25.768043Z  INFO herdr::logging: herdr exiting event="app.shutdown" subsystem="client" outcome="completed" pid=150968
2026-09-06T01:55:26.819770Z  INFO herdr::logging: herdr exiting event="app.shutdown" subsystem="client" outcome="completed" pid=150982
2026-09-06T01:57:23.431562Z  INFO herdr::logging: herdr starting event="app.startup" subsystem="client" outcome="started" pid=151606
2026-09-06T01:57:23.431588Z  INFO herdr::client: connecting to server path=/home/paul/.config/herdr/herdr-client.sock
2026-09-06T01:57:23.455883Z  INFO herdr::client: handshake succeeded version=20 encoding=SemanticFrame
2026-09-06T01:57:29.999913Z  INFO herdr::logging: herdr starting event="app.startup" subsystem="client" outcome="started" pid=151728
2026-09-06T01:57:29.999936Z  INFO herdr::client: connecting to server path=/home/paul/.config/herdr/herdr-client.sock
2026-09-06T01:57:30.165274Z  INFO herdr::client: handshake succeeded version=20 encoding=SemanticFrame
2026-09-06T01:57:39.256565Z  INFO herdr::logging: herdr exiting event="app.shutdown" subsystem="client" outcome="completed" pid=151728
2026-09-06T01:57:41.090650Z  INFO herdr::logging: herdr exiting event="app.shutdown" subsystem="client" outcome="completed" pid=151606
2026-09-06T02:14:03.471970Z  INFO herdr::logging: herdr starting event="app.startup" subsystem="client" outcome="started" pid=154472
2026-09-06T02:14:03.471994Z  INFO herdr::client: connecting to server path=/home/paul/.config/herdr/herdr-client.sock
2026-09-06T02:14:03.521378Z  INFO herdr::client: handshake succeeded version=20 encoding=SemanticFrame
2026-09-06T02:14:06.784924Z  INFO herdr::logging: herdr exiting event="app.shutdown" subsystem="client" outcome="completed" pid=154472
2026-09-06T02:24:44.368187Z  INFO herdr::logging: herdr starting event="app.startup" subsystem="client" outcome="started" pid=155239
2026-09-06T02:24:44.368210Z  INFO herdr::client: connecting to server path=/home/paul/.config/herdr/herdr-client.sock
2026-09-06T02:24:44.391863Z  INFO herdr::client: handshake succeeded version=20 encoding=SemanticFrame
2026-09-06T02:24:48.086064Z  INFO herdr::logging: herdr exiting event="app.shutdown" subsystem="client" outcome="completed" pid=155239
2026-09-06T02:25:04.051467Z  INFO herdr::logging: herdr starting event="app.startup" subsystem="client" outcome="started" pid=155621
2026-09-06T02:25:04.051492Z  INFO herdr::client: connecting to server path=/home/paul/.config/herdr/herdr-client.sock
2026-09-06T02:25:04.180219Z  INFO herdr::client: handshake succeeded version=20 encoding=SemanticFrame
2026-09-06T02:25:06.287887Z  INFO herdr::logging: herdr exiting event="app.shutdown" subsystem="client" outcome="completed" pid=155621
2026-09-06T02:25:45.784797Z  INFO herdr::logging: herdr starting event="app.startup" subsystem="client" outcome="started" pid=155771
2026-09-06T02:25:45.784821Z  INFO herdr::client: connecting to server path=/home/paul/.config/herdr/herdr-client.sock
2026-09-06T02:25:45.992417Z  INFO herdr::client: handshake succeeded version=20 encoding=SemanticFrame
2026-09-06T02:25:49.166707Z  INFO herdr::logging: herdr exiting event="app.shutdown" subsystem="client" outcome="completed" pid=155771
2026-09-06T02:27:04.123253Z  INFO herdr::logging: herdr starting event="app.startup" subsystem="client" outcome="started" pid=156010
2026-09-06T02:27:04.123277Z  INFO herdr::client: connecting to server path=/home/paul/.config/herdr/herdr-client.sock
2026-09-06T02:27:04.175065Z  INFO herdr::client: handshake succeeded version=20 encoding=SemanticFrame
2026-09-06T02:27:12.861021Z  INFO herdr::logging: herdr exiting event="app.shutdown" subsystem="client" outcome="completed" pid=156010
2026-09-06T02:47:44.803488Z  INFO herdr::logging: herdr starting event="app.startup" subsystem="client" outcome="started" pid=158541
2026-09-06T02:47:44.803512Z  INFO herdr::client: connecting to server path=/home/paul/.config/herdr/herdr-client.sock
2026-09-06T02:47:44.909051Z  INFO herdr::client: handshake succeeded version=20 encoding=SemanticFrame
2026-09-06T02:47:48.262759Z  INFO herdr::logging: herdr starting event="app.startup" subsystem="client" outcome="started" pid=158660
2026-09-06T02:47:48.262784Z  INFO herdr::client: connecting to server path=/home/paul/.config/herdr/herdr-client.sock
2026-09-06T02:47:48.411872Z  INFO herdr::client: handshake succeeded version=20 encoding=SemanticFrame
2026-09-06T02:47:50.565913Z  INFO herdr::logging: herdr exiting event="app.shutdown" subsystem="client" outcome="completed" pid=158660
2026-09-06T02:47:52.230134Z  INFO herdr::logging: herdr exiting event="app.shutdown" subsystem="client" outcome="completed" pid=158541
2026-09-06T02:54:48.286391Z  INFO herdr::logging: herdr starting event="app.startup" subsystem="client" outcome="started" pid=160085
2026-09-06T02:54:48.286416Z  INFO herdr::client: connecting to server path=/home/paul/.config/herdr/herdr-client.sock
2026-09-06T02:54:48.450405Z  INFO herdr::client: handshake succeeded version=20 encoding=SemanticFrame
2026-09-06T02:54:51.557136Z  INFO herdr::logging: herdr exiting event="app.shutdown" subsystem="client" outcome="completed" pid=160085
2026-09-06T03:22:48.977443Z  INFO herdr::logging: herdr starting event="app.startup" subsystem="client" outcome="started" pid=166532
2026-09-06T03:22:48.977469Z  INFO herdr::client: connecting to server path=/home/paul/.config/herdr/herdr-client.sock
2026-09-06T03:22:49.110718Z  INFO herdr::client: handshake succeeded version=20 encoding=SemanticFrame
2026-09-06T03:22:52.329331Z  INFO herdr::logging: herdr exiting event="app.shutdown" subsystem="client" outcome="completed" pid=166532
2026-09-06T22:00:53.876618Z  INFO herdr::logging: herdr starting event="app.startup" subsystem="client" outcome="started" pid=3945
2026-09-06T22:00:53.876796Z  INFO herdr::client: connecting to server path=/home/paul/.config/herdr/herdr-client.sock
2026-09-06T22:00:53.881280Z  INFO herdr::client: handshake succeeded version=20 encoding=SemanticFrame
2026-09-06T22:01:51.033112Z  INFO herdr::logging: herdr exiting event="app.shutdown" subsystem="client" outcome="completed" pid=3945
2026-09-06T22:53:46.732012Z  INFO herdr::logging: herdr starting event="app.startup" subsystem="client" outcome="started" pid=20527
2026-09-06T22:53:46.732027Z  INFO herdr::client: connecting to server path=/home/paul/.config/herdr/herdr-client.sock
2026-09-06T22:53:46.769592Z  INFO herdr::client: handshake succeeded version=20 encoding=SemanticFrame
2026-09-06T22:53:54.708088Z  INFO herdr::logging: herdr exiting event="app.shutdown" subsystem="client" outcome="completed" pid=20527
2026-09-06T23:44:58.550507Z  INFO herdr::logging: herdr starting event="app.startup" subsystem="client" outcome="started" pid=33402
2026-09-06T23:44:58.550525Z  INFO herdr::client: connecting to server path=/home/paul/.config/herdr/herdr-client.sock
2026-09-06T23:44:58.751796Z  INFO herdr::client: handshake succeeded version=20 encoding=SemanticFrame
2026-09-07T00:21:13.135468Z  INFO herdr::logging: herdr exiting event="app.shutdown" subsystem="client" outcome="completed" pid=33402
2026-09-07T00:47:01.241169Z  INFO herdr::logging: herdr starting event="app.startup" subsystem="client" outcome="started" pid=7574
2026-09-07T00:47:01.241713Z  INFO herdr::client: connecting to server path=/home/paul/.config/herdr/herdr-client.sock
2026-09-07T00:47:01.253125Z  INFO herdr::client: handshake succeeded version=20 encoding=SemanticFrame
2026-09-07T00:47:24.087506Z  INFO herdr::logging: herdr exiting event="app.shutdown" subsystem="client" outcome="completed" pid=7574
2026-09-07T00:47:30.481351Z  INFO herdr::logging: herdr starting event="app.startup" subsystem="client" outcome="started" pid=8182
2026-09-07T00:47:30.481372Z  INFO herdr::client: connecting to server path=/home/paul/.config/herdr/herdr-client.sock
2026-09-07T00:47:30.640515Z  INFO herdr::client: handshake succeeded version=20 encoding=SemanticFrame
2026-09-07T00:47:32.568384Z  INFO herdr::logging: herdr exiting event="app.shutdown" subsystem="client" outcome="completed" pid=8182
2026-09-07T01:14:18.254143Z  INFO herdr::logging: herdr starting event="app.startup" subsystem="client" outcome="started" pid=17965
2026-09-07T01:14:18.254162Z  INFO herdr::client: connecting to server path=/home/paul/.config/herdr/herdr-client.sock
2026-09-07T01:14:18.403781Z  INFO herdr::client: handshake succeeded version=20 encoding=SemanticFrame
2026-09-07T01:14:20.955201Z  INFO herdr::logging: herdr exiting event="app.shutdown" subsystem="client" outcome="completed" pid=17965
2026-09-07T01:14:28.971167Z  INFO herdr::logging: herdr starting event="app.startup" subsystem="client" outcome="started" pid=18101
2026-09-07T01:14:28.971186Z  INFO herdr::client: connecting to server path=/home/paul/.config/herdr/herdr-client.sock
2026-09-07T01:14:29.011012Z  INFO herdr::client: handshake succeeded version=20 encoding=SemanticFrame
2026-09-07T01:14:49.691532Z  INFO herdr::logging: herdr exiting event="app.shutdown" subsystem="client" outcome="completed" pid=18101
2026-09-07T01:15:14.305137Z  INFO herdr::logging: herdr starting event="app.startup" subsystem="client" outcome="started" pid=18506
2026-09-07T01:15:14.305170Z  INFO herdr::client: connecting to server path=/home/paul/.config/herdr/herdr-client.sock
2026-09-07T01:15:14.324398Z  INFO herdr::client: handshake succeeded version=20 encoding=SemanticFrame
2026-09-07T01:16:43.372369Z  INFO herdr::logging: herdr exiting event="app.shutdown" subsystem="client" outcome="completed" pid=18506
2026-09-07T01:38:04.139022Z  INFO herdr::logging: herdr starting event="app.startup" subsystem="client" outcome="started" pid=28203
2026-09-07T01:38:04.139075Z  INFO herdr::client: connecting to server path=/home/paul/.config/herdr/herdr-client.sock
2026-09-07T01:38:04.309357Z  INFO herdr::client: handshake succeeded version=20 encoding=SemanticFrame
2026-09-07T01:40:28.064186Z  INFO herdr::logging: herdr exiting event="app.shutdown" subsystem="client" outcome="completed" pid=28203
2026-09-07T01:40:36.614346Z  INFO herdr::logging: herdr starting event="app.startup" subsystem="client" outcome="started" pid=29120
2026-09-07T01:40:36.614380Z  INFO herdr::client: connecting to server path=/home/paul/.config/herdr/herdr-client.sock
2026-09-07T01:40:36.623423Z  INFO herdr::client: handshake succeeded version=20 encoding=SemanticFrame
2026-09-07T01:40:55.654852Z  INFO herdr::logging: herdr exiting event="app.shutdown" subsystem="client" outcome="completed" pid=29120
2026-09-07T02:07:20.221241Z  INFO herdr::logging: herdr starting event="app.startup" subsystem="client" outcome="started" pid=40524
2026-09-07T02:07:20.221280Z  INFO herdr::client: connecting to server path=/home/paul/.config/herdr/herdr-client.sock
2026-09-07T02:07:20.248747Z  INFO herdr::client: handshake succeeded version=20 encoding=SemanticFrame
2026-09-07T02:07:25.259231Z  INFO herdr::logging: herdr exiting event="app.shutdown" subsystem="client" outcome="completed" pid=40524
2026-09-07T02:19:50.608658Z  INFO herdr::logging: herdr starting event="app.startup" subsystem="client" outcome="started" pid=43605
2026-09-07T02:19:50.608673Z  INFO herdr::client: connecting to server path=/home/paul/.config/herdr/herdr-client.sock
2026-09-07T02:19:50.710507Z  INFO herdr::client: handshake succeeded version=20 encoding=SemanticFrame
2026-09-07T02:20:00.310052Z  INFO herdr::logging: herdr exiting event="app.shutdown" subsystem="client" outcome="completed" pid=43605
2026-09-07T02:26:49.507087Z  INFO herdr::logging: herdr starting event="app.startup" subsystem="client" outcome="started" pid=44424
2026-09-07T02:26:49.507108Z  INFO herdr::client: connecting to server path=/home/paul/.config/herdr/herdr-client.sock
2026-09-07T02:26:49.748198Z  INFO herdr::client: handshake succeeded version=20 encoding=SemanticFrame
2026-09-07T02:26:51.249844Z  INFO herdr::logging: herdr exiting event="app.shutdown" subsystem="client" outcome="completed" pid=44424
2026-09-07T02:32:40.188509Z  INFO herdr::logging: herdr starting event="app.startup" subsystem="client" outcome="started" pid=46827
2026-09-07T02:32:40.188567Z  INFO herdr::client: connecting to server path=/home/paul/.config/herdr/herdr-client.sock
2026-09-07T02:32:40.409761Z  INFO herdr::client: handshake succeeded version=20 encoding=SemanticFrame
2026-09-07T02:32:41.615671Z  INFO herdr::logging: herdr exiting event="app.shutdown" subsystem="client" outcome="completed" pid=46827
2026-09-07T03:08:09.303970Z  INFO herdr::logging: herdr starting event="app.startup" subsystem="client" outcome="started" pid=53398
2026-09-07T03:08:09.304003Z  INFO herdr::client: connecting to server path=/home/paul/.config/herdr/herdr-client.sock
2026-09-07T03:08:09.330444Z  INFO herdr::client: handshake succeeded version=20 encoding=SemanticFrame
2026-09-07T03:08:17.043767Z  INFO herdr::logging: herdr exiting event="app.shutdown" subsystem="client" outcome="completed" pid=53398
2026-09-07T04:35:16.431726Z  INFO herdr::logging: herdr starting event="app.startup" subsystem="client" outcome="started" pid=78207
2026-09-07T04:35:16.431885Z  INFO herdr::client: connecting to server path=/home/paul/.config/herdr/herdr-client.sock
2026-09-07T04:35:16.591145Z  INFO herdr::client: handshake succeeded version=20 encoding=SemanticFrame
2026-09-07T04:35:31.476719Z  INFO herdr::logging: herdr exiting event="app.shutdown" subsystem="client" outcome="completed" pid=78207
2026-09-07T04:35:33.333109Z  INFO herdr::logging: herdr starting event="app.startup" subsystem="client" outcome="started" pid=78412
2026-09-07T04:35:33.333130Z  INFO herdr::client: connecting to server path=/home/paul/.config/herdr/herdr-client.sock
2026-09-07T04:35:33.504537Z  INFO herdr::client: handshake succeeded version=20 encoding=SemanticFrame
2026-09-07T04:37:49.042745Z  INFO herdr::logging: herdr exiting event="app.shutdown" subsystem="client" outcome="completed" pid=78412
2026-09-07T04:37:53.189294Z  INFO herdr::logging: herdr starting event="app.startup" subsystem="client" outcome="started" pid=79088
2026-09-07T04:37:53.189313Z  INFO herdr::client: connecting to server path=/home/paul/.config/herdr/herdr-client.sock
2026-09-07T04:37:53.211380Z  INFO herdr::client: handshake succeeded version=20 encoding=SemanticFrame
2026-09-07T04:39:44.199088Z  INFO herdr::logging: herdr starting event="app.startup" subsystem="client" outcome="started" pid=79860
2026-09-07T04:39:44.199134Z  INFO herdr::client: connecting to server path=/home/paul/.config/herdr/herdr-client.sock
2026-09-07T04:39:44.326201Z  INFO herdr::client: handshake succeeded version=20 encoding=SemanticFrame
2026-09-07T04:40:31.077598Z  INFO herdr::logging: herdr exiting event="app.shutdown" subsystem="client" outcome="completed" pid=79860
2026-09-07T04:40:32.262433Z  INFO herdr::logging: herdr starting event="app.startup" subsystem="client" outcome="started" pid=80237
2026-09-07T04:40:32.262453Z  INFO herdr::client: connecting to server path=/home/paul/.config/herdr/herdr-client.sock
2026-09-07T04:40:32.353310Z  INFO herdr::client: handshake succeeded version=20 encoding=SemanticFrame
2026-09-07T04:40:44.243772Z  INFO herdr::logging: herdr exiting event="app.shutdown" subsystem="client" outcome="completed" pid=80237
2026-09-07T04:40:44.243987Z  INFO herdr::logging: herdr exiting event="app.shutdown" subsystem="client" outcome="completed" pid=79088
2026-09-07T04:40:46.434602Z  INFO herdr::logging: herdr starting event="app.startup" subsystem="client" outcome="started" pid=80524
2026-09-07T04:40:46.434618Z  INFO herdr::client: connecting to server path=/home/paul/.config/herdr/herdr-client.sock
2026-09-07T04:40:46.453541Z  INFO herdr::client: handshake succeeded version=20 encoding=SemanticFrame
2026-09-07T04:42:37.790369Z  INFO herdr::logging: herdr exiting event="app.shutdown" subsystem="client" outcome="completed" pid=80524
2026-09-07T06:09:05.526313Z  INFO herdr::logging: herdr starting event="app.startup" subsystem="client" outcome="started" pid=99016
2026-09-07T06:09:05.526332Z  INFO herdr::client: connecting to server path=/home/paul/.config/herdr/herdr-client.sock
2026-09-07T06:09:05.663478Z  INFO herdr::client: handshake succeeded version=20 encoding=SemanticFrame
2026-09-07T06:09:08.471782Z  INFO herdr::logging: herdr exiting event="app.shutdown" subsystem="client" outcome="completed" pid=99016
2026-09-07T13:25:01.161049Z  INFO herdr::logging: herdr starting event="app.startup" subsystem="client" outcome="started" pid=4456
2026-09-07T13:25:01.161209Z  INFO herdr::client: connecting to server path=/home/paul/.config/herdr/herdr-client.sock
2026-09-07T13:25:01.216956Z  INFO herdr::client: handshake succeeded version=20 encoding=SemanticFrame
2026-09-07T13:26:06.716648Z  INFO herdr::logging: herdr exiting event="app.shutdown" subsystem="client" outcome="completed" pid=4456
2026-09-07T13:29:31.963230Z  INFO herdr::logging: herdr starting event="app.startup" subsystem="client" outcome="started" pid=6047
2026-09-07T13:29:31.963244Z  INFO herdr::client: connecting to server path=/home/paul/.config/herdr/herdr-client.sock
2026-09-07T13:29:31.992096Z  INFO herdr::client: handshake succeeded version=20 encoding=SemanticFrame
2026-09-07T13:30:05.653638Z  INFO herdr::logging: herdr exiting event="app.shutdown" subsystem="client" outcome="completed" pid=6047
2026-09-07T13:30:23.393497Z  INFO herdr::logging: herdr starting event="app.startup" subsystem="client" outcome="started" pid=6273
2026-09-07T13:30:23.393510Z  INFO herdr::client: connecting to server path=/home/paul/.config/herdr/herdr-client.sock
2026-09-07T13:30:23.522537Z  INFO herdr::client: handshake succeeded version=20 encoding=SemanticFrame
2026-09-07T13:31:44.914432Z  INFO herdr::logging: herdr exiting event="app.shutdown" subsystem="client" outcome="completed" pid=6273
2026-09-07T13:31:46.266513Z  INFO herdr::logging: herdr starting event="app.startup" subsystem="client" outcome="started" pid=8960
2026-09-07T13:31:46.266593Z  INFO herdr::client: connecting to server path=/home/paul/.config/herdr/herdr-client.sock
2026-09-07T13:31:46.444947Z  INFO herdr::client: handshake succeeded version=20 encoding=SemanticFrame
2026-09-07T13:31:56.927386Z  INFO herdr::logging: herdr exiting event="app.shutdown" subsystem="client" outcome="completed" pid=8960
2026-09-07T13:32:18.801723Z  INFO herdr::logging: herdr starting event="app.startup" subsystem="client" outcome="started" pid=9152
2026-09-07T13:32:18.801755Z  INFO herdr::client: connecting to server path=/home/paul/.config/herdr/herdr-client.sock
2026-09-07T13:32:19.048159Z  INFO herdr::client: handshake succeeded version=20 encoding=SemanticFrame
2026-09-07T13:32:22.481795Z  INFO herdr::logging: herdr exiting event="app.shutdown" subsystem="client" outcome="completed" pid=9152
2026-09-07T13:32:33.555446Z  INFO herdr::logging: herdr starting event="app.startup" subsystem="client" outcome="started" pid=9356
2026-09-07T13:32:33.555465Z  INFO herdr::client: connecting to server path=/home/paul/.config/herdr/herdr-client.sock
2026-09-07T13:32:33.589710Z  INFO herdr::client: handshake succeeded version=20 encoding=SemanticFrame
2026-09-07T13:32:41.290765Z  INFO herdr::logging: herdr exiting event="app.shutdown" subsystem="client" outcome="completed" pid=9356
2026-09-07T13:32:49.614413Z  INFO herdr::logging: herdr starting event="app.startup" subsystem="client" outcome="started" pid=10071
2026-09-07T13:32:49.614468Z  INFO herdr::client: connecting to server path=/home/paul/.config/herdr/herdr-client.sock
2026-09-07T13:32:49.743697Z  INFO herdr::client: handshake succeeded version=20 encoding=SemanticFrame
2026-09-07T13:32:55.126920Z  INFO herdr::logging: herdr exiting event="app.shutdown" subsystem="client" outcome="completed" pid=10071
2026-09-07T13:32:59.152613Z  INFO herdr::logging: herdr starting event="app.startup" subsystem="client" outcome="started" pid=10195
2026-09-07T13:32:59.152640Z  INFO herdr::client: connecting to server path=/home/paul/.config/herdr/herdr-client.sock
2026-09-07T13:32:59.218178Z  INFO herdr::client: handshake succeeded version=20 encoding=SemanticFrame
2026-09-07T13:33:28.950409Z  INFO herdr::logging: herdr exiting event="app.shutdown" subsystem="client" outcome="completed" pid=10195
2026-09-07T13:33:39.426540Z  INFO herdr::logging: herdr starting event="app.startup" subsystem="client" outcome="started" pid=10993
2026-09-07T13:33:39.426597Z  INFO herdr::client: connecting to server path=/home/paul/.config/herdr/herdr-client.sock
2026-09-07T13:33:39.520332Z  INFO herdr::client: handshake succeeded version=20 encoding=SemanticFrame
2026-09-07T13:34:59.578020Z  INFO herdr::logging: herdr exiting event="app.shutdown" subsystem="client" outcome="completed" pid=10993
2026-09-07T13:36:36.846990Z  INFO herdr::logging: herdr starting event="app.startup" subsystem="client" outcome="started" pid=11690
2026-09-07T13:36:36.847017Z  INFO herdr::client: connecting to server path=/home/paul/.config/herdr/herdr-client.sock
2026-09-07T13:36:36.923993Z  INFO herdr::client: handshake succeeded version=20 encoding=SemanticFrame
2026-09-07T13:36:43.661385Z  INFO herdr::logging: herdr exiting event="app.shutdown" subsystem="client" outcome="completed" pid=11690
2026-09-07T13:37:41.628480Z  INFO herdr::logging: herdr starting event="app.startup" subsystem="client" outcome="started" pid=11807
2026-09-07T13:37:41.628523Z  INFO herdr::client: connecting to server path=/home/paul/.config/herdr/herdr-client.sock
2026-09-07T13:37:41.716442Z  INFO herdr::client: handshake succeeded version=20 encoding=SemanticFrame
2026-09-07T13:37:57.764216Z  INFO herdr::logging: herdr exiting event="app.shutdown" subsystem="client" outcome="completed" pid=11807
2026-09-07T13:37:58.761552Z  INFO herdr::logging: herdr starting event="app.startup" subsystem="client" outcome="started" pid=11979
2026-09-07T13:37:58.761620Z  INFO herdr::client: connecting to server path=/home/paul/.config/herdr/herdr-client.sock
2026-09-07T13:37:58.789385Z  INFO herdr::client: handshake succeeded version=20 encoding=SemanticFrame
2026-09-07T13:38:09.740389Z  INFO herdr::logging: herdr exiting event="app.shutdown" subsystem="client" outcome="completed" pid=11979
2026-09-07T13:38:12.896108Z  INFO herdr::logging: herdr starting event="app.startup" subsystem="client" outcome="started" pid=12190
2026-09-07T13:38:12.896132Z  INFO herdr::client: connecting to server path=/home/paul/.config/herdr/herdr-client.sock
2026-09-07T13:38:12.896593Z  INFO herdr::client: handshake succeeded version=20 encoding=SemanticFrame
2026-09-07T13:38:29.082822Z  INFO herdr::logging: herdr exiting event="app.shutdown" subsystem="client" outcome="completed" pid=12190
2026-09-07T13:38:38.767723Z  INFO herdr::logging: herdr starting event="app.startup" subsystem="client" outcome="started" pid=12611
2026-09-07T13:38:38.767739Z  INFO herdr::client: connecting to server path=/home/paul/.config/herdr/herdr-client.sock
2026-09-07T13:38:38.780108Z  INFO herdr::client: handshake succeeded version=20 encoding=SemanticFrame
2026-09-07T13:40:41.577723Z  INFO herdr::logging: herdr exiting event="app.shutdown" subsystem="client" outcome="completed" pid=12611
2026-09-07T13:41:23.598812Z  INFO herdr::logging: herdr starting event="app.startup" subsystem="client" outcome="started" pid=15260
2026-09-07T13:41:23.598828Z  INFO herdr::client: connecting to server path=/home/paul/.config/herdr/herdr-client.sock
2026-09-07T13:41:23.806037Z  INFO herdr::client: handshake succeeded version=20 encoding=SemanticFrame
2026-09-07T13:42:06.200789Z  INFO herdr::logging: herdr exiting event="app.shutdown" subsystem="client" outcome="completed" pid=15260
2026-09-07T13:52:11.401349Z  INFO herdr::logging: herdr starting event="app.startup" subsystem="client" outcome="started" pid=22853
2026-09-07T13:52:11.401413Z  INFO herdr::client: connecting to server path=/home/paul/.config/herdr/herdr-client.sock
2026-09-07T13:52:11.405509Z  INFO herdr::client: handshake succeeded version=20 encoding=SemanticFrame
2026-09-07T13:52:18.738568Z  INFO herdr::logging: herdr exiting event="app.shutdown" subsystem="client" outcome="completed" pid=22853
2026-09-07T13:53:18.117625Z  INFO herdr::logging: herdr starting event="app.startup" subsystem="client" outcome="started" pid=22987
2026-09-07T13:53:18.117671Z  INFO herdr::client: connecting to server path=/home/paul/.config/herdr/herdr-client.sock
2026-09-07T13:53:18.284004Z  INFO herdr::client: handshake succeeded version=20 encoding=SemanticFrame
2026-09-07T13:53:21.239667Z  INFO herdr::logging: herdr exiting event="app.shutdown" subsystem="client" outcome="completed" pid=22987
2026-09-07T13:54:17.767338Z  INFO herdr::logging: herdr starting event="app.startup" subsystem="client" outcome="started" pid=23117
2026-09-07T13:54:17.767384Z  INFO herdr::client: connecting to server path=/home/paul/.config/herdr/herdr-client.sock
2026-09-07T13:54:17.779357Z  INFO herdr::client: handshake succeeded version=20 encoding=SemanticFrame
2026-09-07T13:54:29.970136Z  INFO herdr::logging: herdr exiting event="app.shutdown" subsystem="client" outcome="completed" pid=23117
2026-09-07T13:55:52.416588Z  INFO herdr::logging: herdr starting event="app.startup" subsystem="client" outcome="started" pid=23361
2026-09-07T13:55:52.416610Z  INFO herdr::client: connecting to server path=/home/paul/.config/herdr/herdr-client.sock
2026-09-07T13:55:52.644895Z  INFO herdr::client: handshake succeeded version=20 encoding=SemanticFrame
2026-09-07T13:56:07.052524Z  INFO herdr::logging: herdr exiting event="app.shutdown" subsystem="client" outcome="completed" pid=23361
2026-09-07T13:57:12.926580Z  INFO herdr::logging: herdr starting event="app.startup" subsystem="client" outcome="started" pid=23724
2026-09-07T13:57:12.926624Z  INFO herdr::client: connecting to server path=/home/paul/.config/herdr/herdr-client.sock
2026-09-07T13:57:13.145128Z  INFO herdr::client: handshake succeeded version=20 encoding=SemanticFrame
2026-09-07T13:57:17.032532Z  INFO herdr::logging: herdr exiting event="app.shutdown" subsystem="client" outcome="completed" pid=23724
2026-09-07T13:57:48.304014Z  INFO herdr::logging: herdr starting event="app.startup" subsystem="client" outcome="started" pid=24039
2026-09-07T13:57:48.304052Z  INFO herdr::client: connecting to server path=/home/paul/.config/herdr/herdr-client.sock
2026-09-07T13:57:48.463693Z  INFO herdr::client: handshake succeeded version=20 encoding=SemanticFrame
2026-09-07T13:58:03.839664Z  INFO herdr::logging: herdr exiting event="app.shutdown" subsystem="client" outcome="completed" pid=24039
2026-09-07T13:58:36.280782Z  INFO herdr::logging: herdr starting event="app.startup" subsystem="client" outcome="started" pid=24184
2026-09-07T13:58:36.280807Z  INFO herdr::client: connecting to server path=/home/paul/.config/herdr/herdr-client.sock
2026-09-07T13:58:36.514214Z  INFO herdr::client: handshake succeeded version=20 encoding=SemanticFrame
2026-09-07T13:59:34.321811Z  INFO herdr::logging: herdr exiting event="app.shutdown" subsystem="client" outcome="completed" pid=24184
2026-09-07T13:59:43.217637Z  INFO herdr::logging: herdr starting event="app.startup" subsystem="client" outcome="started" pid=24515
2026-09-07T13:59:43.217650Z  INFO herdr::client: connecting to server path=/home/paul/.config/herdr/herdr-client.sock
2026-09-07T13:59:43.385244Z  INFO herdr::client: handshake succeeded version=20 encoding=SemanticFrame
2026-09-07T14:04:19.649905Z  INFO herdr::logging: herdr exiting event="app.shutdown" subsystem="client" outcome="completed" pid=24515
2026-09-07T14:04:41.805579Z  INFO herdr::logging: herdr starting event="app.startup" subsystem="client" outcome="started" pid=26340
2026-09-07T14:04:41.805638Z  INFO herdr::client: connecting to server path=/home/paul/.config/herdr/herdr-client.sock
2026-09-07T14:04:42.031590Z  INFO herdr::client: handshake succeeded version=20 encoding=SemanticFrame
2026-09-07T14:05:40.563533Z  INFO herdr::logging: herdr exiting event="app.shutdown" subsystem="client" outcome="completed" pid=26340
2026-09-07T14:06:02.463828Z  INFO herdr::logging: herdr starting event="app.startup" subsystem="client" outcome="started" pid=26576
2026-09-07T14:06:02.463885Z  INFO herdr::client: connecting to server path=/home/paul/.config/herdr/herdr-client.sock
2026-09-07T14:06:02.615612Z  INFO herdr::client: handshake succeeded version=20 encoding=SemanticFrame
2026-09-07T14:06:22.075328Z  INFO herdr::logging: herdr exiting event="app.shutdown" subsystem="client" outcome="completed" pid=26576
2026-09-07T14:06:57.479660Z  INFO herdr::logging: herdr starting event="app.startup" subsystem="client" outcome="started" pid=26826
2026-09-07T14:06:57.479680Z  INFO herdr::client: connecting to server path=/home/paul/.config/herdr/herdr-client.sock
2026-09-07T14:06:57.526539Z  INFO herdr::client: handshake succeeded version=20 encoding=SemanticFrame
2026-09-07T14:07:15.920702Z  INFO herdr::logging: herdr exiting event="app.shutdown" subsystem="client" outcome="completed" pid=26826
2026-09-07T14:07:20.098345Z  INFO herdr::logging: herdr starting event="app.startup" subsystem="client" outcome="started" pid=27008
2026-09-07T14:07:20.098361Z  INFO herdr::client: connecting to server path=/home/paul/.config/herdr/herdr-client.sock
2026-09-07T14:07:20.115080Z  INFO herdr::client: handshake succeeded version=20 encoding=SemanticFrame
2026-09-07T14:07:31.125348Z  INFO herdr::logging: herdr exiting event="app.shutdown" subsystem="client" outcome="completed" pid=27008
2026-09-07T14:07:35.283949Z  INFO herdr::logging: herdr starting event="app.startup" subsystem="client" outcome="started" pid=27524
2026-09-07T14:07:35.283975Z  INFO herdr::client: connecting to server path=/home/paul/.config/herdr/herdr-client.sock
2026-09-07T14:07:35.325406Z  INFO herdr::client: handshake succeeded version=20 encoding=SemanticFrame
2026-09-07T14:07:43.785647Z  INFO herdr::logging: herdr exiting event="app.shutdown" subsystem="client" outcome="completed" pid=27524
2026-09-07T14:08:29.398239Z  INFO herdr::logging: herdr starting event="app.startup" subsystem="client" outcome="started" pid=28128
2026-09-07T14:08:29.398274Z  INFO herdr::client: connecting to server path=/home/paul/.config/herdr/herdr-client.sock
2026-09-07T14:08:29.524493Z  INFO herdr::client: handshake succeeded version=20 encoding=SemanticFrame
2026-09-07T14:08:38.967165Z  INFO herdr::logging: herdr exiting event="app.shutdown" subsystem="client" outcome="completed" pid=28128
2026-09-07T14:09:19.553767Z  INFO herdr::logging: herdr starting event="app.startup" subsystem="client" outcome="started" pid=28318
2026-09-07T14:09:19.553793Z  INFO herdr::client: connecting to server path=/home/paul/.config/herdr/herdr-client.sock
2026-09-07T14:09:19.676151Z  INFO herdr::client: handshake succeeded version=20 encoding=SemanticFrame
2026-09-07T14:09:22.236368Z  INFO herdr::logging: herdr exiting event="app.shutdown" subsystem="client" outcome="completed" pid=28318
2026-09-07T14:09:35.769262Z  INFO herdr::logging: herdr starting event="app.startup" subsystem="client" outcome="started" pid=28463
2026-09-07T14:09:35.769290Z  INFO herdr::client: connecting to server path=/home/paul/.config/herdr/herdr-client.sock
2026-09-07T14:09:35.819649Z  INFO herdr::client: handshake succeeded version=20 encoding=SemanticFrame
2026-09-07T14:09:45.453515Z  INFO herdr::logging: herdr exiting event="app.shutdown" subsystem="client" outcome="completed" pid=28463
2026-09-07T14:10:29.270489Z  INFO herdr::logging: herdr starting event="app.startup" subsystem="client" outcome="started" pid=28595
2026-09-07T14:10:29.270519Z  INFO herdr::client: connecting to server path=/home/paul/.config/herdr/herdr-client.sock
2026-09-07T14:10:29.431990Z  INFO herdr::client: handshake succeeded version=20 encoding=SemanticFrame
2026-09-07T14:10:36.712439Z  INFO herdr::logging: herdr exiting event="app.shutdown" subsystem="client" outcome="completed" pid=28595
2026-09-07T14:12:15.925685Z  INFO herdr::logging: herdr starting event="app.startup" subsystem="client" outcome="started" pid=28764
2026-09-07T14:12:15.925732Z  INFO herdr::client: connecting to server path=/home/paul/.config/herdr/herdr-client.sock
2026-09-07T14:12:15.968050Z  INFO herdr::client: handshake succeeded version=20 encoding=SemanticFrame
2026-09-07T14:12:18.492789Z  INFO herdr::logging: herdr exiting event="app.shutdown" subsystem="client" outcome="completed" pid=28764
2026-09-07T14:13:23.693264Z  INFO herdr::logging: herdr starting event="app.startup" subsystem="client" outcome="started" pid=28873
2026-09-07T14:13:23.693291Z  INFO herdr::client: connecting to server path=/home/paul/.config/herdr/herdr-client.sock
2026-09-07T14:13:23.835351Z  INFO herdr::client: handshake succeeded version=20 encoding=SemanticFrame
2026-09-07T14:13:26.738730Z  INFO herdr::logging: herdr exiting event="app.shutdown" subsystem="client" outcome="completed" pid=28873
2026-09-07T14:13:50.110128Z  INFO herdr::logging: herdr starting event="app.startup" subsystem="client" outcome="started" pid=28981
2026-09-07T14:13:50.110162Z  INFO herdr::client: connecting to server path=/home/paul/.config/herdr/herdr-client.sock
2026-09-07T14:13:50.119136Z  INFO herdr::client: handshake succeeded version=20 encoding=SemanticFrame
2026-09-07T14:13:51.836268Z  INFO herdr::logging: herdr exiting event="app.shutdown" subsystem="client" outcome="completed" pid=28981
2026-09-07T14:14:02.328288Z  INFO herdr::logging: herdr starting event="app.startup" subsystem="client" outcome="started" pid=29088
2026-09-07T14:14:02.328332Z  INFO herdr::client: connecting to server path=/home/paul/.config/herdr/herdr-client.sock
2026-09-07T14:14:02.405703Z  INFO herdr::client: handshake succeeded version=20 encoding=SemanticFrame
2026-09-07T14:14:12.345738Z  INFO herdr::logging: herdr exiting event="app.shutdown" subsystem="client" outcome="completed" pid=29088
2026-09-07T14:14:35.626175Z  INFO herdr::logging: herdr starting event="app.startup" subsystem="client" outcome="started" pid=29357
2026-09-07T14:14:35.626208Z  INFO herdr::client: connecting to server path=/home/paul/.config/herdr/herdr-client.sock
2026-09-07T14:14:35.840439Z  INFO herdr::client: handshake succeeded version=20 encoding=SemanticFrame
2026-09-07T14:14:42.618639Z  INFO herdr::logging: herdr exiting event="app.shutdown" subsystem="client" outcome="completed" pid=29357
2026-09-07T14:14:54.331404Z  INFO herdr::logging: herdr starting event="app.startup" subsystem="client" outcome="started" pid=29469
2026-09-07T14:14:54.331449Z  INFO herdr::client: connecting to server path=/home/paul/.config/herdr/herdr-client.sock
2026-09-07T14:14:54.449686Z  INFO herdr::client: handshake succeeded version=20 encoding=SemanticFrame
2026-09-07T14:15:16.328846Z  INFO herdr::logging: herdr exiting event="app.shutdown" subsystem="client" outcome="completed" pid=29469
2026-09-07T14:16:13.978701Z  INFO herdr::logging: herdr starting event="app.startup" subsystem="client" outcome="started" pid=30021
2026-09-07T14:16:13.978716Z  INFO herdr::client: connecting to server path=/home/paul/.config/herdr/herdr-client.sock
2026-09-07T14:16:14.068910Z  INFO herdr::client: handshake succeeded version=20 encoding=SemanticFrame
2026-09-07T14:16:16.625663Z  INFO herdr::logging: herdr exiting event="app.shutdown" subsystem="client" outcome="completed" pid=30021
2026-09-07T14:16:37.611328Z  INFO herdr::logging: herdr starting event="app.startup" subsystem="client" outcome="started" pid=30145
2026-09-07T14:16:37.611345Z  INFO herdr::client: connecting to server path=/home/paul/.config/herdr/herdr-client.sock
2026-09-07T14:16:37.713425Z  INFO herdr::client: handshake succeeded version=20 encoding=SemanticFrame
2026-09-07T14:17:10.238530Z  INFO herdr::logging: herdr exiting event="app.shutdown" subsystem="client" outcome="completed" pid=30145
2026-09-07T14:17:34.324238Z  INFO herdr::logging: herdr starting event="app.startup" subsystem="client" outcome="started" pid=30296
2026-09-07T14:17:34.324268Z  INFO herdr::client: connecting to server path=/home/paul/.config/herdr/herdr-client.sock
2026-09-07T14:17:34.519483Z  INFO herdr::client: handshake succeeded version=20 encoding=SemanticFrame
2026-09-07T14:17:54.843190Z  INFO herdr::logging: herdr exiting event="app.shutdown" subsystem="client" outcome="completed" pid=30296
2026-09-07T14:18:02.759714Z  INFO herdr::logging: herdr starting event="app.startup" subsystem="client" outcome="started" pid=30475
2026-09-07T14:18:02.759728Z  INFO herdr::client: connecting to server path=/home/paul/.config/herdr/herdr-client.sock
2026-09-07T14:18:02.895792Z  INFO herdr::client: handshake succeeded version=20 encoding=SemanticFrame
2026-09-07T14:18:14.416297Z  INFO herdr::logging: herdr exiting event="app.shutdown" subsystem="client" outcome="completed" pid=30475
2026-09-07T14:18:36.719949Z  INFO herdr::logging: herdr starting event="app.startup" subsystem="client" outcome="started" pid=30693
2026-09-07T14:18:36.719966Z  INFO herdr::client: connecting to server path=/home/paul/.config/herdr/herdr-client.sock
2026-09-07T14:18:36.789801Z  INFO herdr::client: handshake succeeded version=20 encoding=SemanticFrame
2026-09-07T14:19:38.716765Z  INFO herdr::logging: herdr starting event="app.startup" subsystem="client" outcome="started" pid=31000
2026-09-07T14:19:38.716780Z  INFO herdr::client: connecting to server path=/home/paul/.config/herdr/herdr-client.sock
2026-09-07T14:19:38.867253Z  INFO herdr::client: handshake succeeded version=20 encoding=SemanticFrame
2026-09-07T14:20:16.930542Z  INFO herdr::logging: herdr exiting event="app.shutdown" subsystem="client" outcome="completed" pid=31000
2026-09-07T14:20:16.933549Z  INFO herdr::logging: herdr exiting event="app.shutdown" subsystem="client" outcome="completed" pid=30693
2026-09-07T14:20:21.182730Z  INFO herdr::logging: herdr starting event="app.startup" subsystem="client" outcome="started" pid=31479
2026-09-07T14:20:21.182745Z  INFO herdr::client: connecting to server path=/home/paul/.config/herdr/herdr-client.sock
2026-09-07T14:20:21.226974Z  INFO herdr::client: handshake succeeded version=20 encoding=SemanticFrame
2026-09-07T14:20:58.328888Z  INFO herdr::logging: herdr exiting event="app.shutdown" subsystem="client" outcome="completed" pid=31479
2026-09-07T14:22:13.908833Z  INFO herdr::logging: herdr starting event="app.startup" subsystem="client" outcome="started" pid=32018
2026-09-07T14:22:13.908896Z  INFO herdr::client: connecting to server path=/home/paul/.config/herdr/herdr-client.sock
2026-09-07T14:22:14.114087Z  INFO herdr::client: handshake succeeded version=20 encoding=SemanticFrame
2026-09-07T14:22:17.086536Z  INFO herdr::logging: herdr exiting event="app.shutdown" subsystem="client" outcome="completed" pid=32018
2026-09-07T14:22:20.432757Z  INFO herdr::logging: herdr starting event="app.startup" subsystem="client" outcome="started" pid=32120
2026-09-07T14:22:20.432774Z  INFO herdr::client: connecting to server path=/home/paul/.config/herdr/herdr-client.sock
2026-09-07T14:22:20.457934Z  INFO herdr::client: handshake succeeded version=20 encoding=SemanticFrame
2026-09-07T14:23:14.719042Z  INFO herdr::logging: herdr exiting event="app.shutdown" subsystem="client" outcome="completed" pid=32120
2026-09-07T14:23:39.410047Z  INFO herdr::logging: herdr starting event="app.startup" subsystem="client" outcome="started" pid=32615
2026-09-07T14:23:39.410087Z  INFO herdr::client: connecting to server path=/home/paul/.config/herdr/herdr-client.sock
2026-09-07T14:23:39.604336Z  INFO herdr::client: handshake succeeded version=20 encoding=SemanticFrame
2026-09-07T14:23:45.031441Z  INFO herdr::logging: herdr exiting event="app.shutdown" subsystem="client" outcome="completed" pid=32615
2026-09-07T14:23:54.268426Z  INFO herdr::logging: herdr starting event="app.startup" subsystem="client" outcome="started" pid=32737
2026-09-07T14:23:54.268445Z  INFO herdr::client: connecting to server path=/home/paul/.config/herdr/herdr-client.sock
2026-09-07T14:23:54.346549Z  INFO herdr::client: handshake succeeded version=20 encoding=SemanticFrame
2026-09-07T14:23:58.262314Z  INFO herdr::logging: herdr exiting event="app.shutdown" subsystem="client" outcome="completed" pid=32737
2026-09-07T14:24:11.191276Z  INFO herdr::logging: herdr starting event="app.startup" subsystem="client" outcome="started" pid=32845
2026-09-07T14:24:11.191320Z  INFO herdr::client: connecting to server path=/home/paul/.config/herdr/herdr-client.sock
2026-09-07T14:24:11.344139Z  INFO herdr::client: handshake succeeded version=20 encoding=SemanticFrame
2026-09-07T14:24:30.514676Z  INFO herdr::logging: herdr exiting event="app.shutdown" subsystem="client" outcome="completed" pid=32845
2026-09-07T14:24:46.307864Z  INFO herdr::logging: herdr starting event="app.startup" subsystem="client" outcome="started" pid=33031
2026-09-07T14:24:46.307881Z  INFO herdr::client: connecting to server path=/home/paul/.config/herdr/herdr-client.sock
2026-09-07T14:24:46.312798Z  INFO herdr::client: handshake succeeded version=20 encoding=SemanticFrame
2026-09-07T14:24:59.519420Z  INFO herdr::logging: herdr exiting event="app.shutdown" subsystem="client" outcome="completed" pid=33031
2026-09-07T14:25:05.899455Z  INFO herdr::logging: herdr starting event="app.startup" subsystem="client" outcome="started" pid=33470
2026-09-07T14:25:05.899490Z  INFO herdr::client: connecting to server path=/home/paul/.config/herdr/herdr-client.sock
2026-09-07T14:25:06.073330Z  INFO herdr::client: handshake succeeded version=20 encoding=SemanticFrame
2026-09-07T14:25:10.754386Z  INFO herdr::logging: herdr exiting event="app.shutdown" subsystem="client" outcome="completed" pid=33470
2026-09-07T14:25:13.848230Z  INFO herdr::logging: herdr starting event="app.startup" subsystem="client" outcome="started" pid=33581
2026-09-07T14:25:13.848247Z  INFO herdr::client: connecting to server path=/home/paul/.config/herdr/herdr-client.sock
2026-09-07T14:25:13.850646Z  INFO herdr::client: handshake succeeded version=20 encoding=SemanticFrame
2026-09-07T14:28:36.843228Z  INFO herdr::logging: herdr exiting event="app.shutdown" subsystem="client" outcome="completed" pid=33581
2026-09-07T14:56:21.204572Z  INFO herdr::logging: herdr starting event="app.startup" subsystem="client" outcome="started" pid=58598
2026-09-07T14:56:21.204731Z  INFO herdr::client: connecting to server path=/home/paul/.config/herdr/herdr-client.sock
2026-09-07T14:56:21.207348Z  INFO herdr::client: handshake succeeded version=20 encoding=SemanticFrame
2026-09-08T17:33:38.021574Z  INFO herdr::logging: herdr starting event="app.startup" subsystem="client" outcome="started" pid=211110
2026-09-08T17:33:38.021713Z  INFO herdr::client: connecting to server path=/home/paul/.config/herdr/herdr-client.sock
2026-09-08T17:33:38.225341Z  INFO herdr::client: handshake succeeded version=20 encoding=SemanticFrame
2026-09-08T17:34:48.433258Z  INFO herdr::logging: herdr exiting event="app.shutdown" subsystem="client" outcome="completed" pid=211110
2026-09-08T17:34:49.886780Z  INFO herdr::logging: herdr starting event="app.startup" subsystem="client" outcome="started" pid=212459
2026-09-08T17:34:49.886802Z  INFO herdr::client: connecting to server path=/home/paul/.config/herdr/herdr-client.sock
2026-09-08T17:34:50.031832Z  INFO herdr::client: handshake succeeded version=20 encoding=SemanticFrame
2026-09-08T17:34:51.814155Z  INFO herdr::logging: herdr exiting event="app.shutdown" subsystem="client" outcome="completed" pid=212459
2026-09-08T17:34:55.535754Z  INFO herdr::logging: herdr exiting event="app.shutdown" subsystem="client" outcome="completed" pid=58598
2026-09-08T17:34:56.498987Z  INFO herdr::logging: herdr starting event="app.startup" subsystem="client" outcome="started" pid=212614
2026-09-08T17:34:56.499018Z  INFO herdr::client: connecting to server path=/home/paul/.config/herdr/herdr-client.sock
2026-09-08T17:34:56.500771Z  INFO herdr::client: handshake succeeded version=20 encoding=SemanticFrame
2026-09-08T17:50:38.130951Z  INFO herdr::logging: herdr exiting event="app.shutdown" subsystem="client" outcome="completed" pid=212614
2026-09-08T17:50:39.239584Z  INFO herdr::logging: herdr starting event="app.startup" subsystem="client" outcome="started" pid=214515
2026-09-08T17:50:39.239615Z  INFO herdr::client: connecting to server path=/home/paul/.config/herdr/herdr-client.sock
2026-09-08T17:50:39.406020Z  INFO herdr::client: handshake succeeded version=20 encoding=SemanticFrame
2026-09-08T17:50:41.680578Z  INFO herdr::logging: herdr exiting event="app.shutdown" subsystem="client" outcome="completed" pid=214515
2026-09-08T17:50:45.480220Z  INFO herdr::logging: herdr starting event="app.startup" subsystem="client" outcome="started" pid=214645
2026-09-08T17:50:45.480241Z  INFO herdr::client: connecting to server path=/home/paul/.config/herdr/herdr-client.sock
2026-09-08T17:50:45.487957Z  INFO herdr::client: handshake succeeded version=20 encoding=SemanticFrame
2026-09-08T17:51:22.453119Z  INFO herdr::logging: herdr exiting event="app.shutdown" subsystem="client" outcome="completed" pid=214645
2026-09-08T22:12:36.016579Z  INFO herdr::logging: herdr starting event="app.startup" subsystem="client" outcome="started" pid=252339
2026-09-08T22:12:36.016606Z  INFO herdr::client: connecting to server path=/home/paul/.config/herdr/herdr-client.sock
2026-09-08T22:12:36.042174Z  INFO herdr::client::handshake: endpoint handshake succeeded generation=1 server_version=0.9.0
2026-09-08T22:12:49.487354Z  INFO herdr::logging: herdr exiting event="app.shutdown" subsystem="client" outcome="completed" pid=252339
2026-09-08T23:14:56.228895Z  INFO herdr::logging: herdr starting event="app.startup" subsystem="client" outcome="started" pid=5347
2026-09-08T23:14:56.229667Z  INFO herdr::client: connecting to server path=/home/paul/.config/herdr/herdr-client.sock
2026-09-08T23:14:56.238247Z  INFO herdr::client::handshake: endpoint handshake succeeded generation=1 server_version=0.9.0
2026-09-08T23:14:57.553341Z  INFO herdr::logging: herdr exiting event="app.shutdown" subsystem="client" outcome="completed" pid=5347
2026-09-09T20:22:10.963360Z  INFO herdr::logging: herdr starting event="app.startup" subsystem="client" outcome="started" pid=12592
2026-09-09T20:22:10.963529Z  INFO herdr::client: connecting to server path=/home/paul/.config/herdr/herdr-client.sock
2026-09-09T20:22:10.979694Z  INFO herdr::client::handshake: endpoint handshake succeeded generation=1 server_version=0.9.0
2026-09-09T20:22:11.981116Z  INFO herdr::client: client terminal unavailable; detaching err=I/O error (os error 5)
2026-09-09T20:22:11.981470Z  INFO herdr::logging: herdr exiting event="app.shutdown" subsystem="client" outcome="completed" pid=12592
2026-09-09T21:52:46.482154Z  INFO herdr::logging: herdr starting event="app.startup" subsystem="client" outcome="started" pid=64826
2026-09-09T21:52:46.482173Z  INFO herdr::client: connecting to server path=/home/paul/.config/herdr/herdr-client.sock
2026-09-09T21:52:46.484879Z  INFO herdr::client::handshake: endpoint handshake succeeded generation=1 server_version=0.9.0
2026-09-09T21:57:34.848518Z  INFO herdr::logging: herdr exiting event="app.shutdown" subsystem="client" outcome="completed" pid=64826
